 
Xilinx Zynq MP First Stage Boot Loader 
Release 2022.2   Apr  3 2023  -  09:10:43
MultiBootOffset: 0x40
Reset Mode	:	System Reset
Platform: Silicon (4.0), Running on A53-0 (64-bit) Processor, Device Name: XCZUUNKNEG
QSPI 32 bit Boot Mode 
FlashID=0x20 0xBB 0x20
PMU Firmware 2022.2	Apr  3 2023   09:10:43
PMU_ROM Version: xpbr-v8.1.0-0
�NOTICE:  BL31: v2.6(release):xlnx_rebase_v2.6_2022.1_update3-18-g0897efd45
NOTICE:  BL31: Built : 03:55:03, Sep  9 2022


U-Boot 2022.01 (Jan 25 2023 - 08:10:44 +0000)

CPU:   ZynqMP
Silicon: v3
Detected name: zynqmp-smk-k26-xcl2g-rev1-sck-kr-g-rev1
Model: ZynqMP SMK-K26 Rev1/B/A
Board: Xilinx ZynqMP
DRAM:  4 GiB
PMUFW:	v1.1
Cannot load PMUFW configuration object (1)
PMUFW returned 0x00000001 status!
Xilinx I2C FRU format at nvmem0:
 Manufacturer Name: XILINX
 Product Name: SMK-K26-XCL2G
 Serial No: XFL14PVBG4CJ
 Part Number: 5057-04
 File ID: 0x0
 Revision Number: 1
Xilinx I2C FRU format at nvmem1:
 Manufacturer Name: XILINX
 Product Name: SCK-KR-G
 Serial No: XFL15OICDU5P
 Part Number: 5100-01
 File ID: 0x0
 Revision Number: 1
EL Level:	EL2
Chip ID:	xck26
NAND:  0 MiB
MMC:   
Loading Environment from nowhere... OK
In:    serial
Out:   serial
Err:   serial
Bootmode: QSPI_MODE
Reset reason:	SOFT 
Net:   
ZYNQ GEM: ff0c0000, mdio bus ff0c0000, phyaddr 8, interface rgmii-id
Get shared mii bus on ethernet@ff0b0000

ZYNQ GEM: ff0b0000, mdio bus ff0c0000, phyaddr 4, interface sgmii
eth0: ethernet@ff0b0000, eth1: ethernet@ff0c0000
starting USB...
Bus usb@fe200000: Register 2000440 NbrPorts 2
Starting the controller
USB XHCI 1.00
Bus usb@fe300000: Register 2000440 NbrPorts 2
Starting the controller
USB XHCI 1.00
scanning bus usb@fe200000 for devices... 5 USB Device(s) found
scanning bus usb@fe300000 for devices... 4 USB Device(s) found
       scanning usb for storage devices... 1 Storage Device(s) found
Hit any key to stop autoboot:  0 
model=SMK-K26-XCL2G

Device 0: Vendor: Generic  Rev: 1.98 Prod: Ultra HS-COMBO
            Type: Removable Hard Disk
            Capacity: 60350.0 MB = 58.9 GB (123596800 x 512)
... is now current device
Scanning usb 0:1...
Found U-Boot script /boot.scr.uimg
8001 bytes read in 3 ms (2.5 MiB/s)
## Executing script at 20000000
Selecting DT for Kria boards
Kria DT: #conf-smk-k26-revA-sck-kr-g-revB
Configuring the cma value based on the board type
cma=1000M
Loading image.fit
67780728 bytes read in 4631 ms (14 MiB/s)
## Loading kernel from FIT Image at 10000000 ...
   Using 'conf-smk-k26-revA-sck-kr-g-revB' configuration
   Trying 'kernel-1' kernel subimage
     Description:  Ubuntu kernel
     Created:      2024-05-08   9:44:46 UTC
     Type:         Kernel Image
     Compression:  gzip compressed
     Data Start:   0x100000ec
     Data Size:    17155401 Bytes = 16.4 MiB
     Architecture: AArch64
     OS:           Linux
     Load Address: 0x00200000
     Entry Point:  0x00200000
     Hash algo:    sha1
     Hash value:   17cc6cbc5b485390821f7f027dfe5462e223d4d5
   Verifying Hash Integrity ... sha1+ OK
## Loading ramdisk from FIT Image at 10000000 ...
   Using 'conf-smk-k26-revA-sck-kr-g-revB' configuration
   Trying 'ramdisk-1' ramdisk subimage
     Description:  Ubuntu ramdisk
     Created:      2024-05-08   9:44:46 UTC
     Type:         RAMDisk Image
     Compression:  uncompressed
     Data Start:   0x1105c728
     Data Size:    50364896 Bytes = 48 MiB
     Architecture: AArch64
     OS:           Linux
     Load Address: unavailable
     Entry Point:  unavailable
     Hash algo:    sha1
     Hash value:   db5afc4f0676c386ecd9a49ff70d88137ec7a822
   Verifying Hash Integrity ... sha1+ OK
## Loading fdt from FIT Image at 10000000 ...
   Using 'conf-smk-k26-revA-sck-kr-g-revB' configuration
   Trying 'fdt-smk-k26-revA-sck-kr-g-revB.dtb' fdt subimage
     Description:  Flattened device tree blob - smk-k26-revA-sck-kr-g-revB
     Created:      2024-05-08   9:44:46 UTC
     Type:         Flat Device Tree
     Compression:  uncompressed
     Data Start:   0x1408387c
     Data Size:    44305 Bytes = 43.3 KiB
     Architecture: AArch64
     Load Address: 0x44000000
     Hash algo:    sha1
     Hash value:   9599347a3ea7f20a4e96ef316ef8d07dd28ae303
   Verifying Hash Integrity ... sha1+ OK
   Loading fdt from 0x1408387c to 0x44000000
   Booting using the fdt blob at 0x44000000
   Uncompressing Kernel Image
   Loading Ramdisk to 75ff7000, end 78fff1e0 ... OK
ERROR: reserving fdt memory region failed (addr=7ff00000 size=100000 flags=4)
   Loading Device Tree to 000000000fff2000, end 000000000ffffd10 ... OK

Starting kernel ...

[    0.000000] Booting Linux on physical CPU 0x0000000000 [0x410fd034]
[    0.000000] Linux version 5.15.0-1027-xilinx-zynqmp (buildd@bos01-arm64-022) (gcc (Ubuntu 11.4.0-1ubuntu1~22.04) 11.4.0, GNU ld (GNU Binutils for Ubuntu) 2.38) #31-Ubuntu SMP Wed Feb 21 04:33:09 UTC 2024 (Ubuntu 5.15.0-1027.31-xilinx-zynqmp 5.15.136)
[    0.000000] Machine model: ZynqMP KR260 revB
[    0.000000] efi: UEFI not found.
[    0.000000] earlycon: cdns0 at MMIO 0x00000000ff010000 (options '115200n8')
[    0.000000] printk: bootconsole [cdns0] enabled
[    0.000000] NUMA: No NUMA configuration found
[    0.000000] NUMA: Faking a node at [mem 0x0000000000000000-0x000000087fffffff]
[    0.000000] NUMA: NODE_DATA [mem 0x87f7c5340-0x87f7c9fff]
[    0.000000] Zone ranges:
[    0.000000]   DMA      [mem 0x0000000000000000-0x00000000ffffffff]
[    0.000000]   DMA32    empty
[    0.000000]   Normal   [mem 0x0000000100000000-0x000000087fffffff]
[    0.000000]   Device   empty
[    0.000000] Movable zone start for each node
[    0.000000] Early memory node ranges
[    0.000000]   node   0: [mem 0x0000000000000000-0x000000007fefffff]
[    0.000000]   node   0: [mem 0x000000007ff00000-0x000000007fffffff]
[    0.000000]   node   0: [mem 0x0000000800000000-0x000000087fffffff]
[    0.000000] Initmem setup node 0 [mem 0x0000000000000000-0x000000087fffffff]
[    0.000000] cma: Reserved 1000 MiB at 0x0000000037400000
[    0.000000] psci: probing for conduit method from DT.
[    0.000000] psci: PSCIv1.1 detected in firmware.
[    0.000000] psci: Using standard PSCI v0.2 function IDs
[    0.000000] psci: MIGRATE_INFO_TYPE not supported.
[    0.000000] psci: SMC Calling Convention v1.2
[    0.000000] percpu: Embedded 30 pages/cpu s84888 r8192 d29800 u122880
[    0.000000] Detected VIPT I-cache on CPU0
[    0.000000] CPU features: detected: ARM erratum 845719
[    0.000000] Built 1 zonelists, mobility grouping on.  Total pages: 1032192
[    0.000000] Policy zone: Normal
[    0.000000] Kernel command line:  root=LABEL=writable rootwait earlycon console=ttyPS1,115200 console=tty1 clk_ignore_unused uio_pdrv_genirq.of_id=generic-uio xilinx_tsn_ep.st_pcp=4 cma=1000M 
[    0.000000] Dentry cache hash table entries: 524288 (order: 10, 4194304 bytes, linear)
[    0.000000] Inode-cache hash table entries: 262144 (order: 9, 2097152 bytes, linear)
[    0.000000] mem auto-init: stack:off, heap alloc:on, heap free:off
[    0.000000] software IO TLB: mapped [mem 0x000000007bf00000-0x000000007ff00000] (64MB)
[    0.000000] Memory: 2925088K/4194304K available (20928K kernel code, 3310K rwdata, 15460K rodata, 6848K init, 1342K bss, 245216K reserved, 1024000K cma-reserved)
[    0.000000] SLUB: HWalign=64, Order=0-3, MinObjects=0, CPUs=4, Nodes=1
[    0.000000] ftrace: allocating 67015 entries in 262 pages
[    0.000000] ftrace: allocated 262 pages with 3 groups
[    0.000000] trace event string verifier disabled
[    0.000000] rcu: Hierarchical RCU implementation.
[    0.000000] rcu: 	RCU event tracing is enabled.
[    0.000000] 	Rude variant of Tasks RCU enabled.
[    0.000000] 	Tracing variant of Tasks RCU enabled.
[    0.000000] rcu: RCU calculated value of scheduler-enlistment delay is 25 jiffies.
[    0.000000] NR_IRQS: 64, nr_irqs: 64, preallocated irqs: 0
[    0.000000] GIC: Adjusting CPU interface base to 0x00000000f902f000
[    0.000000] Root IRQ handler: gic_handle_irq
[    0.000000] GIC: Using split EOI/Deactivate mode
[    0.000000] arch_timer: cp15 timer(s) running at 99.99MHz (phys).
[    0.000000] clocksource: arch_sys_counter: mask: 0x1ffffffffffffff max_cycles: 0x171015c90f, max_idle_ns: 440795203080 ns
[    0.000000] sched_clock: 57 bits at 99MHz, resolution 10ns, wraps every 4398046511101ns
[    0.008217] Console: colour dummy device 80x25
[    0.012374] printk: console [tty1] enabled
[    0.016437] printk: bootconsole [cdns0] disabled
[    0.000000] Booting Linux on physical CPU 0x0000000000 [0x410fd034]
[    0.000000] Linux version 5.15.0-1027-xilinx-zynqmp (buildd@bos01-arm64-022) (gcc (Ubuntu 11.4.0-1ubuntu1~22.04) 11.4.0, GNU ld (GNU Binutils for Ubuntu) 2.38) #31-Ubuntu SMP Wed Feb 21 04:33:09 UTC 2024 (Ubuntu 5.15.0-1027.31-xilinx-zynqmp 5.15.136)
[    0.000000] Machine model: ZynqMP KR260 revB
[    0.000000] efi: UEFI not found.
[    0.000000] earlycon: cdns0 at MMIO 0x00000000ff010000 (options '115200n8')
[    0.000000] printk: bootconsole [cdns0] enabled
[    0.000000] NUMA: No NUMA configuration found
[    0.000000] NUMA: Faking a node at [mem 0x0000000000000000-0x000000087fffffff]
[    0.000000] NUMA: NODE_DATA [mem 0x87f7c5340-0x87f7c9fff]
[    0.000000] Zone ranges:
[    0.000000]   DMA      [mem 0x0000000000000000-0x00000000ffffffff]
[    0.000000]   DMA32    empty
[    0.000000]   Normal   [mem 0x0000000100000000-0x000000087fffffff]
[    0.000000]   Device   empty
[    0.000000] Movable zone start for each node
[    0.000000] Early memory node ranges
[    0.000000]   node   0: [mem 0x0000000000000000-0x000000007fefffff]
[    0.000000]   node   0: [mem 0x000000007ff00000-0x000000007fffffff]
[    0.000000]   node   0: [mem 0x0000000800000000-0x000000087fffffff]
[    0.000000] Initmem setup node 0 [mem 0x0000000000000000-0x000000087fffffff]
[    0.000000] cma: Reserved 1000 MiB at 0x0000000037400000
[    0.000000] psci: probing for conduit method from DT.
[    0.000000] psci: PSCIv1.1 detected in firmware.
[    0.000000] psci: Using standard PSCI v0.2 function IDs
[    0.000000] psci: MIGRATE_INFO_TYPE not supported.
[    0.000000] psci: SMC Calling Convention v1.2
[    0.000000] percpu: Embedded 30 pages/cpu s84888 r8192 d29800 u122880
[    0.000000] Detected VIPT I-cache on CPU0
[    0.000000] CPU features: detected: ARM erratum 845719
[    0.000000] Built 1 zonelists, mobility grouping on.  Total pages: 1032192
[    0.000000] Policy zone: Normal
[    0.000000] Kernel command line:  root=LABEL=writable rootwait earlycon console=ttyPS1,115200 console=tty1 clk_ignore_unused uio_pdrv_genirq.of_id=generic-uio xilinx_tsn_ep.st_pcp=4 cma=1000M 
[    0.000000] Dentry cache hash table entries: 524288 (order: 10, 4194304 bytes, linear)
[    0.000000] Inode-cache hash table entries: 262144 (order: 9, 2097152 bytes, linear)
[    0.000000] mem auto-init: stack:off, heap alloc:on, heap free:off
[    0.000000] software IO TLB: mapped [mem 0x000000007bf00000-0x000000007ff00000] (64MB)
[    0.000000] Memory: 2925088K/4194304K available (20928K kernel code, 3310K rwdata, 15460K rodata, 6848K init, 1342K bss, 245216K reserved, 1024000K cma-reserved)
[    0.000000] SLUB: HWalign=64, Order=0-3, MinObjects=0, CPUs=4, Nodes=1
[    0.000000] ftrace: allocating 67015 entries in 262 pages
[    0.000000] ftrace: allocated 262 pages with 3 groups
[    0.000000] trace event string verifier disabled
[    0.000000] rcu: Hierarchical RCU implementation.
[    0.000000] rcu: 	RCU event tracing is enabled.
[    0.000000] 	Rude variant of Tasks RCU enabled.
[    0.000000] 	Tracing variant of Tasks RCU enabled.
[    0.000000] rcu: RCU calculated value of scheduler-enlistment delay is 25 jiffies.
[    0.000000] NR_IRQS: 64, nr_irqs: 64, preallocated irqs: 0
[    0.000000] GIC: Adjusting CPU interface base to 0x00000000f902f000
[    0.000000] Root IRQ handler: gic_handle_irq
[    0.000000] GIC: Using split EOI/Deactivate mode
[    0.000000] arch_timer: cp15 timer(s) running at 99.99MHz (phys).
[    0.000000] clocksource: arch_sys_counter: mask: 0x1ffffffffffffff max_cycles: 0x171015c90f, max_idle_ns: 440795203080 ns
[    0.000000] sched_clock: 57 bits at 99MHz, resolution 10ns, wraps every 4398046511101ns
[    0.008217] Console: colour dummy device 80x25
[    0.012374] printk: console [tty1] enabled
[    0.016437] printk: bootconsole [cdns0] disabled
[    0.021103] Calibrating delay loop (skipped), value calculated using timer frequency.. 199.99 BogoMIPS (lpj=399996)
[    0.021120] pid_max: default: 32768 minimum: 301
[    0.021318] LSM: Security Framework initializing
[    0.021348] landlock: Up and running.
[    0.021355] Yama: becoming mindful.
[    0.021447] AppArmor: AppArmor initialized
[    0.021638] Mount-cache hash table entries: 8192 (order: 4, 65536 bytes, linear)
[    0.021662] Mountpoint-cache hash table entries: 8192 (order: 4, 65536 bytes, linear)
[    0.023557] rcu: Hierarchical SRCU implementation.
[    0.025174] EFI services will not be available.
[    0.025587] smp: Bringing up secondary CPUs ...
[    0.026163] Detected VIPT I-cache on CPU1
[    0.026212] CPU1: Booted secondary processor 0x0000000001 [0x410fd034]
[    0.026847] Detected VIPT I-cache on CPU2
[    0.026870] CPU2: Booted secondary processor 0x0000000002 [0x410fd034]
[    0.027434] Detected VIPT I-cache on CPU3
[    0.027457] CPU3: Booted secondary processor 0x0000000003 [0x410fd034]
[    0.027523] smp: Brought up 1 node, 4 CPUs
[    0.027558] SMP: Total of 4 processors activated.
[    0.027566] CPU features: detected: 32-bit EL0 Support
[    0.027575] CPU features: detected: 32-bit EL1 Support
[    0.027584] CPU features: detected: CRC32 instructions
[    0.027638] CPU features: emulated: Privileged Access Never (PAN) using TTBR0_EL1 switching
[    0.039956] CPU: All CPU(s) started at EL2
[    0.040008] alternatives: patching kernel code
[    0.041512] devtmpfs: initialized
[    0.050561] KASLR disabled due to lack of seed
[    0.050733] clocksource: jiffies: mask: 0xffffffff max_cycles: 0xffffffff, max_idle_ns: 7645041785100000 ns
[    0.050765] futex hash table entries: 1024 (order: 4, 65536 bytes, linear)
[    0.073823] pinctrl core: initialized pinctrl subsystem
[    0.074395] DMI not present or invalid.
[    0.075001] NET: Registered PF_NETLINK/PF_ROUTE protocol family
[    0.076911] DMA: preallocated 512 KiB GFP_KERNEL pool for atomic allocations
[    0.077079] DMA: preallocated 512 KiB GFP_KERNEL|GFP_DMA pool for atomic allocations
[    0.077345] DMA: preallocated 512 KiB GFP_KERNEL|GFP_DMA32 pool for atomic allocations
[    0.077439] audit: initializing netlink subsys (disabled)
[    0.077604] audit: type=2000 audit(0.072:1): state=initialized audit_enabled=0 res=1
[    0.078199] thermal_sys: Registered thermal governor 'fair_share'
[    0.078204] thermal_sys: Registered thermal governor 'bang_bang'
[    0.078214] thermal_sys: Registered thermal governor 'step_wise'
[    0.078223] thermal_sys: Registered thermal governor 'user_space'
[    0.078231] thermal_sys: Registered thermal governor 'power_allocator'
[    0.078391] cpuidle: using governor ladder
[    0.078423] cpuidle: using governor menu
[    0.078693] hw-breakpoint: found 6 breakpoint and 4 watchpoint registers.
[    0.078778] ASID allocator initialised with 65536 entries
[    0.079393] Serial: AMBA PL011 UART driver
[    0.103596] HugeTLB registered 1.00 GiB page size, pre-allocated 0 pages
[    0.103625] HugeTLB registered 32.0 MiB page size, pre-allocated 0 pages
[    0.103636] HugeTLB registered 2.00 MiB page size, pre-allocated 0 pages
[    0.103646] HugeTLB registered 64.0 KiB page size, pre-allocated 0 pages
[    0.177403] raid6: neonx8   gen()  2380 MB/s
[    0.245451] raid6: neonx8   xor()  1770 MB/s
[    0.313504] raid6: neonx4   gen()  2439 MB/s
[    0.381546] raid6: neonx4   xor()  1735 MB/s
[    0.449596] raid6: neonx2   gen()  2317 MB/s
[    0.517639] raid6: neonx2   xor()  1594 MB/s
[    0.585686] raid6: neonx1   gen()  1988 MB/s
[    0.653738] raid6: neonx1   xor()  1353 MB/s
[    0.721806] raid6: int64x8  gen()  1519 MB/s
[    0.789858] raid6: int64x8  xor()   860 MB/s
[    0.857918] raid6: int64x4  gen()  1777 MB/s
[    0.925976] raid6: int64x4  xor()   943 MB/s
[    0.994034] raid6: int64x2  gen()  1555 MB/s
[    1.062098] raid6: int64x2  xor()   828 MB/s
[    1.130157] raid6: int64x1  gen()  1148 MB/s
[    1.198217] raid6: int64x1  xor()   575 MB/s
[    1.198227] raid6: using algorithm neonx4 gen() 2439 MB/s
[    1.198235] raid6: .... xor() 1735 MB/s, rmw enabled
[    1.198243] raid6: using neon recovery algorithm
[    1.198994] fbcon: Taking over console
[    1.199025] ACPI: Interpreter disabled.
[    1.199610] iommu: Default domain type: Translated 
[    1.199621] iommu: DMA domain TLB invalidation policy: strict mode 
[    1.200567] SCSI subsystem initialized
[    1.200836] vgaarb: loaded
[    1.200966] usbcore: registered new interface driver usbfs
[    1.201023] usbcore: registered new interface driver hub
[    1.201052] usbcore: registered new device driver usb
[    1.201186] mc: Linux media interface: v0.10
[    1.201212] videodev: Linux video capture interface: v2.00
[    1.201300] pps_core: LinuxPPS API ver. 1 registered
[    1.201310] pps_core: Software ver. 5.3.6 - Copyright 2005-2007 Rodolfo Giometti <giometti@linux.it>
[    1.201331] PTP clock support registered
[    1.201466] EDAC MC: Ver: 3.0.0
[    1.202027] zynqmp-ipi-mbox mailbox@ff9905c0: Registered ZynqMP IPI mbox with TX/RX channels.
[    1.202374] FPGA manager framework
[    1.202549] Advanced Linux Sound Architecture Driver Initialized.
[    1.203580] NetLabel: Initializing
[    1.203589] NetLabel:  domain hash size = 128
[    1.203597] NetLabel:  protocols = UNLABELED CIPSOv4 CALIPSO
[    1.203656] NetLabel:  unlabeled traffic allowed by default
[    1.204230] clocksource: Switched to clocksource arch_sys_counter
[    1.273299] VFS: Disk quotas dquot_6.6.0
[    1.273381] VFS: Dquot-cache hash table entries: 512 (order 0, 4096 bytes)
[    1.273984] AppArmor: AppArmor Filesystem Enabled
[    1.274049] pnp: PnP ACPI: disabled
[    1.280636] NET: Registered PF_INET protocol family
[    1.280791] IP idents hash table entries: 65536 (order: 7, 524288 bytes, linear)
[    1.282435] tcp_listen_portaddr_hash hash table entries: 2048 (order: 3, 32768 bytes, linear)
[    1.282518] Table-perturb hash table entries: 65536 (order: 6, 262144 bytes, linear)
[    1.282569] TCP established hash table entries: 32768 (order: 6, 262144 bytes, linear)
[    1.282826] TCP bind hash table entries: 32768 (order: 7, 524288 bytes, linear)
[    1.283243] TCP: Hash tables configured (established 32768 bind 32768)
[    1.283454] MPTCP token hash table entries: 4096 (order: 4, 98304 bytes, linear)
[    1.283566] UDP hash table entries: 2048 (order: 4, 65536 bytes, linear)
[    1.283650] UDP-Lite hash table entries: 2048 (order: 4, 65536 bytes, linear)
[    1.283858] NET: Registered PF_UNIX/PF_LOCAL protocol family
[    1.284357] RPC: Registered named UNIX socket transport module.
[    1.284368] RPC: Registered udp transport module.
[    1.284376] RPC: Registered tcp transport module.
[    1.284383] RPC: Registered tcp NFSv4.1 backchannel transport module.
[    1.284395] NET: Registered PF_XDP protocol family
[    1.284410] PCI: CLS 0 bytes, default 64
[    1.284610] Trying to unpack rootfs image as initramfs...
[    1.927226] hw perfevents: enabled with armv8_pmuv3 PMU driver, 7 counters available
[    1.927601] kvm [1]: IPA Size Limit: 40 bits
[    1.931447] kvm [1]: vgic interrupt IRQ9
[    1.931620] kvm [1]: Hyp mode initialized successfully
[    1.934197] Initialise system trusted keyrings
[    1.934280] Key type blacklist registered
[    1.934444] workingset: timestamp_bits=40 max_order=20 bucket_order=0
[    1.940315] zbud: loaded
[    1.941796] squashfs: version 4.0 (2009/01/31) Phillip Lougher
[    1.943231] NFS: Registering the id_resolver key type
[    1.943278] Key type id_resolver registered
[    1.943287] Key type id_legacy registered
[    1.943380] nfs4filelayout_init: NFSv4 File Layout Driver Registering...
[    1.943399] nfs4flexfilelayout_init: NFSv4 Flexfile Layout Driver Registering...
[    1.943425] jffs2: version 2.2. (NAND) (SUMMARY)  © 2001-2006 Red Hat, Inc.
[    1.943824] fuse: init (API version 7.34)
[    1.944525] integrity: Platform Keyring initialized
[    1.977496] NET: Registered PF_ALG protocol family
[    1.977541] xor: measuring software checksum speed
[    1.981339]    8regs           :  2627 MB/sec
[    1.984557]    32regs          :  3111 MB/sec
[    1.988413]    arm64_neon      :  2607 MB/sec
[    1.988441] xor: using function: 32regs (3111 MB/sec)
[    1.988468] Key type asymmetric registered
[    1.988481] Asymmetric key parser 'x509' registered
[    1.988605] Block layer SCSI generic (bsg) driver version 0.4 loaded (major 239)
[    1.988851] io scheduler mq-deadline registered
[    1.988864] io scheduler kyber registered
[    1.992189] shpchp: Standard Hot Plug PCI Controller Driver version: 0.4
[    2.035148] Serial: 8250/16550 driver, 4 ports, IRQ sharing enabled
[    2.036795] Serial: AMBA driver
[    2.047170] brd: module loaded
[    2.053178] loop: module loaded
[    2.056715] mtdoops: mtd device (mtddev=name/number) must be supplied
[    2.059080] tun: Universal TUN/TAP device driver, 1.6
[    2.060030] PPP generic driver version 2.4.2
[    2.060401] usbcore: registered new interface driver asix
[    2.060473] usbcore: registered new interface driver ax88179_178a
[    2.060507] usbcore: registered new interface driver cdc_ether
[    2.060538] usbcore: registered new interface driver net1080
[    2.060569] usbcore: registered new interface driver cdc_subset
[    2.060601] usbcore: registered new interface driver zaurus
[    2.060657] usbcore: registered new interface driver cdc_ncm
[    2.061378] ehci_hcd: USB 2.0 'Enhanced' Host Controller (EHCI) Driver
[    2.061433] ehci-pci: EHCI PCI platform driver
[    2.061469] ohci_hcd: USB 1.1 'Open' Host Controller (OHCI) Driver
[    2.061485] ohci-pci: OHCI PCI platform driver
[    2.061517] uhci_hcd: USB Universal Host Controller Interface driver
[    2.061955] usbcore: registered new interface driver uas
[    2.061997] usbcore: registered new interface driver usb-storage
[    2.062406] mousedev: PS/2 mouse device common for all mice
[    2.062684] i2c_dev: i2c /dev entries driver
[    2.064252] usbcore: registered new interface driver uvcvideo
[    2.065599] device-mapper: core: CONFIG_IMA_DISABLE_HTABLE is disabled. Duplicate IMA measurements will not be recorded in the IMA log.
[    2.065760] device-mapper: uevent: version 1.0.3
[    2.066039] device-mapper: ioctl: 4.45.0-ioctl (2021-03-22) initialised: dm-devel@redhat.com
[    2.066156] EDAC MC: ECC not enabled
[    2.066321] EDAC DEVICE0: Giving out device to module zynqmp-ocm-edac controller zynqmp_ocm: DEV ff960000.memory-controller (INTERRUPT)
[    2.067463] sdhci: Secure Digital Host Controller Interface driver
[    2.067477] sdhci: Copyright(c) Pierre Ossman
[    2.067484] sdhci-pltfm: SDHCI platform and OF driver helper
[    2.067940] ledtrig-cpu: registered to indicate activity on CPUs
[    2.068166] SMCCC: SOC_ID: ARCH_SOC_ID not implemented, skipping ....
[    2.068283] zynqmp_firmware_probe Platform Management API v1.1
[    2.068297] zynqmp_firmware_probe Trustzone version v1.0
[    2.100985] securefw securefw: securefw probed
[    2.101311] hid: raw HID events driver (C) Jiri Kosina
[    2.105842] fpga_manager fpga0: Xilinx ZynqMP FPGA Manager registered
[    2.106607] usbcore: registered new interface driver snd-usb-audio
[    2.107700] pktgen: Packet Generator for packet performance testing. Version: 2.75
[    2.108548] drop_monitor: Initializing network drop monitor service
[    2.108720] Initializing XFRM netlink socket
[    2.109257] NET: Registered PF_INET6 protocol family
[    2.934044] Freeing initrd memory: 49184K
[    2.963488] Segment Routing with IPv6
[    2.963568] In-situ OAM (IOAM) with IPv6
[    2.963655] NET: Registered PF_PACKET protocol family
[    2.963807] 8021q: 802.1Q VLAN Support v1.8
[    2.964059] Key type dns_resolver registered
[    2.964921] registered taskstats version 1
[    2.965328] Loading compiled-in X.509 certificates
[    2.967948] Loaded X.509 cert 'Build time autogenerated kernel key: ad1332e6fac816d7c10c85b059a20d7204027652'
[    2.970300] Loaded X.509 cert 'Canonical Ltd. Live Patch Signing: 14df34d1a87cf37625abec039ef2bf521249b969'
[    2.972662] Loaded X.509 cert 'Canonical Ltd. Kernel Module Signing: 88f752e560a1e0737e31163a466ad7b70a850c19'
[    2.972678] blacklist: Loading compiled-in revocation X.509 certificates
[    2.972745] Loaded X.509 cert 'Canonical Ltd. Secure Boot Signing: 61482aa2830d0ab2ad5af10b7250da9033ddcef0'
[    2.972823] Loaded X.509 cert 'Canonical Ltd. Secure Boot Signing (2017): 242ade75ac4a15e50d50c84b0d45ff3eae707a03'
[    2.972881] Loaded X.509 cert 'Canonical Ltd. Secure Boot Signing (ESM 2018): 365188c1d374d6b07c3c8f240f8ef722433d6a8b'
[    2.972943] Loaded X.509 cert 'Canonical Ltd. Secure Boot Signing (2019): c0746fd6c5da3ae827864651ad66ae47fe24b3e8'
[    2.973023] Loaded X.509 cert 'Canonical Ltd. Secure Boot Signing (2021 v1): a8d54bbb3825cfb94fa13c9f8a594a195c107b8d'
[    2.973086] Loaded X.509 cert 'Canonical Ltd. Secure Boot Signing (2021 v2): 4cf046892d6fd3c9a5b03f98d845f90851dc6a8c'
[    2.973145] Loaded X.509 cert 'Canonical Ltd. Secure Boot Signing (2021 v3): 100437bb6de6e469b581e61cd66bce3ef4ed53af'
[    2.973215] Loaded X.509 cert 'Canonical Ltd. Secure Boot Signing (Ubuntu Core 2019): c1d57b8f6b743f23ee41f4f7ee292f06eecadfb9'
[    2.973557] zswap: loaded using pool lzo/zbud
[    2.974019] Key type .fscrypt registered
[    2.974030] Key type fscrypt-provisioning registered
[    2.976364] Btrfs loaded, crc32c=crc32c-generic, zoned=yes, fsverity=yes
[    3.070362] cryptd: max_cpu_qlen set to 1000
[    3.100297] Key type encrypted registered
[    3.100342] AppArmor: AppArmor sha1 policy hashing enabled
[    3.100384] ima: No TPM chip found, activating TPM-bypass!
[    3.100410] Loading compiled-in module X.509 certificates
[    3.102810] Loaded X.509 cert 'Build time autogenerated kernel key: ad1332e6fac816d7c10c85b059a20d7204027652'
[    3.102830] ima: Allocated hash algorithm: sha1
[    3.102862] ima: No architecture policies found
[    3.102930] evm: Initialising EVM extended attributes:
[    3.102940] evm: security.selinux
[    3.102947] evm: security.SMACK64
[    3.102954] evm: security.SMACK64EXEC
[    3.102960] evm: security.SMACK64TRANSMUTE
[    3.102967] evm: security.SMACK64MMAP
[    3.102974] evm: security.apparmor
[    3.102980] evm: security.ima
[    3.102987] evm: security.capability
[    3.102993] evm: HMAC attrs: 0x1
[    3.116156] ff010000.serial: ttyPS1 at MMIO 0xff010000 (irq = 51, base_baud = 6249999) is a xuartps
[    4.738960] printk: console [ttyPS1] enabled
[    4.743830] of-fpga-region fpga-full: FPGA Region probed
[    4.750437] xilinx-zynqmp-dma fd500000.dma-controller: ZynqMP DMA driver Probe success
[    4.758602] xilinx-zynqmp-dma fd510000.dma-controller: ZynqMP DMA driver Probe success
[    4.766757] xilinx-zynqmp-dma fd520000.dma-controller: ZynqMP DMA driver Probe success
[    4.774934] xilinx-zynqmp-dma fd530000.dma-controller: ZynqMP DMA driver Probe success
[    4.783083] xilinx-zynqmp-dma fd540000.dma-controller: ZynqMP DMA driver Probe success
[    4.791250] xilinx-zynqmp-dma fd550000.dma-controller: ZynqMP DMA driver Probe success
[    4.799423] xilinx-zynqmp-dma fd560000.dma-controller: ZynqMP DMA driver Probe success
[    4.807583] xilinx-zynqmp-dma fd570000.dma-controller: ZynqMP DMA driver Probe success
[    4.815824] xilinx-zynqmp-dma ffa80000.dma-controller: ZynqMP DMA driver Probe success
[    4.823985] xilinx-zynqmp-dma ffa90000.dma-controller: ZynqMP DMA driver Probe success
[    4.832131] xilinx-zynqmp-dma ffaa0000.dma-controller: ZynqMP DMA driver Probe success
[    4.840343] xilinx-zynqmp-dma ffab0000.dma-controller: ZynqMP DMA driver Probe success
[    4.848497] xilinx-zynqmp-dma ffac0000.dma-controller: ZynqMP DMA driver Probe success
[    4.856664] xilinx-zynqmp-dma ffad0000.dma-controller: ZynqMP DMA driver Probe success
[    4.864856] xilinx-zynqmp-dma ffae0000.dma-controller: ZynqMP DMA driver Probe success
[    4.873037] xilinx-zynqmp-dma ffaf0000.dma-controller: ZynqMP DMA driver Probe success
[    4.881617] xilinx-zynqmp-dpdma fd4c0000.dma-controller: Xilinx DPDMA engine is probed
[    4.891080] macb ff0b0000.ethernet: Not enabling partial store and forward
[    4.898699] macb ff0b0000.ethernet eth0: Defer probe as mdio producer ff0c0000.ethernet is not probed
[    4.932337] zynqmp_pll_disable() clock disable failed for dpll_int, ret = -13
[    4.942060] macb ff0c0000.ethernet: Not enabling partial store and forward
[    4.977487] xilinx-axipmon ffa00000.perf-monitor: Probed Xilinx APM
[    4.984160] xilinx-axipmon fd0b0000.perf-monitor: Probed Xilinx APM
[    4.990740] xilinx-axipmon fd490000.perf-monitor: Probed Xilinx APM
[    4.997311] xilinx-axipmon ffa10000.perf-monitor: Probed Xilinx APM
[    5.005859] cdns-wdt fd4d0000.watchdog: Xilinx Watchdog Timer with timeout 60s
[    5.013478] cdns-wdt ff150000.watchdog: Xilinx Watchdog Timer with timeout 10s
[    5.022214] zynqmp_clk_divider_set_rate() set divider failed for gem_tsu_ref_div1, ret = -13
[    5.030971] macb ff0b0000.ethernet: Not enabling partial store and forward
[    5.037883] macb ff0b0000.ethernet: invalid hw address, using random
[    5.044910] macb ff0b0000.ethernet eth0: Defer probe as mdio producer ff0c0000.ethernet is not probed
[    5.070620] macb ff0c0000.ethernet: Not enabling partial store and forward
[    5.077537] macb ff0c0000.ethernet: invalid hw address, using random
[    5.114479] macb ff0b0000.ethernet: Not enabling partial store and forward
[    5.121417] macb ff0b0000.ethernet: invalid hw address, using random
[    5.128409] macb ff0b0000.ethernet eth0: Defer probe as mdio producer ff0c0000.ethernet is not probed
[    5.154558] macb ff0c0000.ethernet: Not enabling partial store and forward
[    5.161477] macb ff0c0000.ethernet: invalid hw address, using random
[    5.209757] input: gpio-keys as /devices/platform/gpio-keys/input/input0
[    5.217323] of_cfs_init
[    5.217728] macb ff0b0000.ethernet: Not enabling partial store and forward
[    5.219785] of_cfs_init: OK
[    5.226680] macb ff0b0000.ethernet: invalid hw address, using random
[    5.229641] clk: Not disabling unused clocks
[    5.236437] macb ff0b0000.ethernet eth0: Defer probe as mdio producer ff0c0000.ethernet is not probed
[    5.240314] ALSA device list:
[    5.252250]   No soundcards found.
[    5.261336] Freeing unused kernel memory: 6848K
[    5.282982] macb ff0c0000.ethernet: Not enabling partial store and forward
[    5.289911] macb ff0c0000.ethernet: invalid hw address, using random
[    5.357934] Checked W+X mappings: passed, no W+X pages found
[    5.363680] Run /init as init process
[    6.394926] zynqmp-display fd4a0000.display: vtc bridge property not present
[    6.425088] xilinx-dp-snd-codec fd4a0000.display:zynqmp-dp-snd-codec0: Xilinx DisplayPort Sound Codec probed
[    6.435618] spi-nor spi0.0: mt25qu512a (65536 Kbytes)
[    6.440773] 17 fixed-partitions partitions found on MTD device spi0.0
[    6.447234] Creating 17 MTD partitions on "spi0.0":
[    6.448985] macb ff0b0000.ethernet: Not enabling partial store and forward
[    6.452123] 0x000000000000-0x000000080000 : "Image Selector"
[    6.459047] macb ff0b0000.ethernet: invalid hw address, using random
[    6.467380] rtc_zynqmp ffa60000.rtc: registered as rtc0
[    6.472057] macb ff0b0000.ethernet eth0: Defer probe as mdio producer ff0c0000.ethernet is not probed
[    6.476378] rtc_zynqmp ffa60000.rtc: setting system clock to 1970-01-01T09:06:18 UTC (32778)
[    6.477212] xilinx-dp-snd-pcm zynqmp_dp_snd_pcm0: Xilinx DisplayPort Sound PCM probed
[    6.480838] at24 1-0050: supply vcc not found, using dummy regulator
[    6.488775] at24 1-0050: 8192 byte 24c64 EEPROM, writable, 1 bytes/write
[    6.517812] xilinx-dp-snd-pcm zynqmp_dp_snd_pcm1: Xilinx DisplayPort Sound PCM probed
[    6.527854] 0x000000080000-0x000000100000 : "Image Selector Golden"
[    6.536339] at24 1-0051: supply vcc not found, using dummy regulator
[    6.559147] at24 1-0051: 8192 byte 24c64 EEPROM, writable, 1 bytes/write
[    6.565293] xilinx-dp-snd-card fd4a0000.display:zynqmp-dp-snd-card: Xilinx DisplayPort Sound Card probed
[    6.567030] cdns-i2c ff030000.i2c: 400 kHz mmio ff030000 irq 40
[    6.568187] 0x000000100000-0x000000120000 : "Persistent Register"
[    6.575790] OF: graph: no port node found in /axi/display@fd4a0000
[    6.580176] 0x000000120000-0x000000140000 : "Persistent Register Backup"
[    6.581732] 0x000000140000-0x000000200000 : "Open_1"
[    6.590977] macb ff0c0000.ethernet: Not enabling partial store and forward
[    6.595474] 0x000000200000-0x000000f00000 : "Image A (FSBL, PMU, ATF, U-Boot)"
[    6.596598] xlnx-drm xlnx-drm.0: bound fd4a0000.display (ops zynqmp_dpsub_component_ops [zynqmp_dpsub])
[    6.600503] macb ff0c0000.ethernet: invalid hw address, using random
[    6.615340] 0x000000f00000-0x000000f80000 : "ImgSel Image A Catch"
[    6.646206] macb ff0c0000.ethernet eth0: Cadence GEM rev 0x50070106 at 0xff0c0000 irq 38 (6a:31:1d:83:86:b2)
[    6.744872] xhci-hcd xhci-hcd.1.auto: xHCI Host Controller
[    6.744910] xhci-hcd xhci-hcd.1.auto: new USB bus registered, assigned bus number 1
[    6.745039] xhci-hcd xhci-hcd.1.auto: hcc params 0x0238f625 hci version 0x100 quirks 0x0000000002010890
[    6.745107] xhci-hcd xhci-hcd.1.auto: irq 58, io mem 0xfe200000
[    6.745305] xhci-hcd xhci-hcd.1.auto: xHCI Host Controller
[    6.745317] xhci-hcd xhci-hcd.1.auto: new USB bus registered, assigned bus number 2
[    6.745328] xhci-hcd xhci-hcd.1.auto: Host supports USB 3.0 SuperSpeed
[    6.745537] usb usb1: New USB device found, idVendor=1d6b, idProduct=0002, bcdDevice= 5.15
[    6.745545] usb usb1: New USB device strings: Mfr=3, Product=2, SerialNumber=1
[    6.745550] usb usb1: Product: xHCI Host Controller
[    6.745555] usb usb1: Manufacturer: Linux 5.15.0-1027-xilinx-zynqmp xhci-hcd
[    6.745559] usb usb1: SerialNumber: xhci-hcd.1.auto
[    6.746058] hub 1-0:1.0: USB hub found
[    6.746105] hub 1-0:1.0: 1 port detected
[    6.781380] zynqmp-display fd4a0000.display: failed to configure link values
[    6.781394] zynqmp-display fd4a0000.display: failed to train the DP link
[    6.797652] Console: switching to colour frame buffer device 240x67
[    6.800268] usb usb2: New USB device found, idVendor=1d6b, idProduct=0003, bcdDevice= 5.15
[    6.800284] usb usb2: New USB device strings: Mfr=3, Product=2, SerialNumber=1
[    6.800290] usb usb2: Product: xHCI Host Controller
[    6.800294] usb usb2: Manufacturer: Linux 5.15.0-1027-xilinx-zynqmp xhci-hcd
[    6.800298] usb usb2: SerialNumber: xhci-hcd.1.auto
[    6.808463] hub 2-0:1.0: USB hub found
[    6.808514] hub 2-0:1.0: 1 port detected
[    6.809679] 0x000000f80000-0x000001c80000 : "Image B (FSBL, PMU, ATF, U-Boot)"
[    6.812323] 0x000001c80000-0x000001d00000 : "ImgSel Image B Catch"
[    6.829382] 0x000001d00000-0x000001e00000 : "Open_2"
[    6.835082] zynqmp-display fd4a0000.display: [drm] fb0: xlnxdrmfb frame buffer device
[    6.852080] 0x000001e00000-0x000002000000 : "Recovery Image"
[    6.900801] xhci-hcd xhci-hcd.2.auto: xHCI Host Controller
[    6.904555] 0x000002000000-0x000002200000 : "Recovery Image Backup"
[    6.906953] xhci-hcd xhci-hcd.2.auto: new USB bus registered, assigned bus number 3
[    6.912449] 0x000002200000-0x000002220000 : "U-Boot storage variables"
[    6.913054] [drm] Initialized xlnx 1.0.0 20130509 for fd4a0000.display on minor 0
[    6.913099] zynqmp-display fd4a0000.display: ZynqMP DisplayPort Subsystem driver probed
[    6.920428] xhci-hcd xhci-hcd.2.auto: hcc params 0x0238f625 hci version 0x100 quirks 0x0000000002010890
[    6.931359] 0x000002220000-0x000002240000 : "U-Boot storage variables backup"
[    6.941382] xhci-hcd xhci-hcd.2.auto: irq 61, io mem 0xfe300000
[    6.952567] 0x000002240000-0x000002280000 : "SHA256"
[    6.958786] xhci-hcd xhci-hcd.2.auto: xHCI Host Controller
[    6.974373] 0x000002280000-0x0000022a0000 : "Secure OS Storage"
[    6.978588] xhci-hcd xhci-hcd.2.auto: new USB bus registered, assigned bus number 4
[    6.987027] 0x0000022a0000-0x000004000000 : "User"
[    6.989828] xhci-hcd xhci-hcd.2.auto: Host supports USB 3.0 SuperSpeed
[    7.088296] usb 1-1: new high-speed USB device number 2 using xhci-hcd
[    7.092064] usb usb3: New USB device found, idVendor=1d6b, idProduct=0002, bcdDevice= 5.15
[    7.127145] usb usb3: New USB device strings: Mfr=3, Product=2, SerialNumber=1
[    7.136670] usb usb3: Product: xHCI Host Controller
[    7.143838] usb usb3: Manufacturer: Linux 5.15.0-1027-xilinx-zynqmp xhci-hcd
[    7.153180] usb usb3: SerialNumber: xhci-hcd.2.auto
[    7.161687] hub 3-0:1.0: USB hub found
[    7.168773] hub 3-0:1.0: 1 port detected
[    7.179274] usb usb4: New USB device found, idVendor=1d6b, idProduct=0003, bcdDevice= 5.15
[    7.189929] usb usb4: New USB device strings: Mfr=3, Product=2, SerialNumber=1
[    7.199439] usb usb4: Product: xHCI Host Controller
[    7.206571] usb usb4: Manufacturer: Linux 5.15.0-1027-xilinx-zynqmp xhci-hcd
[    7.215887] usb usb4: SerialNumber: xhci-hcd.2.auto
[    7.223601] hub 4-0:1.0: USB hub found
[    7.229690] hub 4-0:1.0: 1 port detected
[    7.241618] macb ff0b0000.ethernet: Not enabling partial store and forward
[    7.251105] macb ff0b0000.ethernet: invalid hw address, using random
[    7.253228] usb 1-1: New USB device found, idVendor=0424, idProduct=2744, bcdDevice= 2.21
[    7.270162] usb 1-1: New USB device strings: Mfr=1, Product=2, SerialNumber=0
[    7.279554] usb 1-1: Product: USB2744
[    7.285452] usb 1-1: Manufacturer: Microchip Tech
[    7.353663] hub 1-1:1.0: USB hub found
[    7.360638] hub 1-1:1.0: 4 ports detected
[    7.385530] usb 2-1: new SuperSpeed USB device number 2 using xhci-hcd
[    7.398799] i2c i2c-1: Added multiplexed i2c bus 3
[    7.409669] i2c i2c-1: Added multiplexed i2c bus 4
[    7.418915] i2c i2c-1: Added multiplexed i2c bus 5
[    7.420763] usb 2-1: New USB device found, idVendor=0424, idProduct=5744, bcdDevice= 2.21
[    7.436284] usb 2-1: New USB device strings: Mfr=2, Product=3, SerialNumber=0
[    7.445640] usb 2-1: Product: USB5744
[    7.447850] i2c i2c-1: Added multiplexed i2c bus 6
[    7.451521] usb 2-1: Manufacturer: Microchip Tech
[    7.467795] pca954x 1-0074: registered 4 multiplexed busses for I2C switch pca9546
[    7.478528] da9121 1-0033: Device detected (device-ID: 0x05, var-ID: 0x21, DA9131)
[    7.495187] da9121 1-0032: Device detected (device-ID: 0x05, var-ID: 0x20, DA9130)
[    7.524342] usb 3-1: new high-speed USB device number 2 using xhci-hcd
[    7.529961] hub 2-1:1.0: USB hub found
[    7.539545] hub 2-1:1.0: 3 ports detected
[    7.679620] macb ff0b0000.ethernet eth1: Cadence GEM rev 0x50070106 at 0xff0b0000 irq 37 (86:c2:66:b3:84:d4)
[    7.685289] usb 3-1: New USB device found, idVendor=0424, idProduct=2744, bcdDevice= 2.21
[    7.702105] usb 3-1: New USB device strings: Mfr=1, Product=2, SerialNumber=0
[    7.711437] usb 3-1: Product: USB2744
[    7.717284] usb 3-1: Manufacturer: Microchip Tech
[    7.728336] usb 1-1.1: new high-speed USB device number 3 using xhci-hcd
[    7.796175] hub 3-1:1.0: USB hub found
[    7.802292] hub 3-1:1.0: 3 ports detected
[    7.827972] usb 4-1: new SuperSpeed USB device number 2 using xhci-hcd
[    7.843198] usb 1-1.1: New USB device found, idVendor=0424, idProduct=2240, bcdDevice= 1.98
[    7.853784] usb 1-1.1: New USB device strings: Mfr=1, Product=2, SerialNumber=3
[    7.863310] usb 1-1.1: Product: Ultra Fast Media 
[    7.870167] usb 1-1.1: Manufacturer: Generic
[    7.876572] usb 1-1.1: SerialNumber: 000000225001
[    7.884844] usb 4-1: New USB device found, idVendor=0424, idProduct=5744, bcdDevice= 2.21
[    7.895203] usb 4-1: New USB device strings: Mfr=2, Product=3, SerialNumber=0
[    7.904476] usb 4-1: Product: USB5744
[    7.910242] usb 4-1: Manufacturer: Microchip Tech
[    7.917860] usb-storage 1-1.1:1.0: USB Mass Storage device detected
[    7.927042] scsi host0: usb-storage 1-1.1:1.0
[    7.980271] random: crng init done
[    7.988159] hub 4-1:1.0: USB hub found
[    7.994240] hub 4-1:1.0: 2 ports detected
[    8.016262] usb 1-1.4: new high-speed USB device number 4 using xhci-hcd
[    8.125178] usb 1-1.4: New USB device found, idVendor=0424, idProduct=2740, bcdDevice= 2.00
[    8.135648] usb 1-1.4: New USB device strings: Mfr=1, Product=2, SerialNumber=0
[    8.144995] usb 1-1.4: Product: Hub Controller
[    8.151450] usb 1-1.4: Manufacturer: Microchip Tech
[    8.168255] usb 3-1.3: new high-speed USB device number 3 using xhci-hcd
[    8.281022] usb 3-1.3: New USB device found, idVendor=0424, idProduct=2740, bcdDevice= 2.00
[    8.291449] usb 3-1.3: New USB device strings: Mfr=1, Product=2, SerialNumber=0
[    8.300768] usb 3-1.3: Product: Hub Controller
[    8.307222] usb 3-1.3: Manufacturer: Microchip Tech
[    8.611946] async_tx: api initialized (async)
[    8.937155] scsi 0:0:0:0: Direct-Access     Generic  Ultra HS-COMBO   1.98 PQ: 0 ANSI: 0
[    8.948160] sd 0:0:0:0: Attached scsi generic sg0 type 0
[    8.956089] sd 0:0:0:0: [sda] 123596800 512-byte logical blocks: (63.3 GB/58.9 GiB)
[    8.966483] sd 0:0:0:0: [sda] Write Protect is off
[    8.974003] sd 0:0:0:0: [sda] No Caching mode page found
[    8.981449] sd 0:0:0:0: [sda] Assuming drive cache: write through
[    8.993871]  sda: sda1 sda2
[    9.001262] sd 0:0:0:0: [sda] Attached SCSI removable disk
[   10.130450] EXT4-fs (sda2): mounted filesystem with ordered data mode. Opts: (null). Quota mode: none.
[   11.402319] systemd[1]: System time before build time, advancing clock.
[   11.564527] systemd[1]: Inserted module 'autofs4'
[   11.682755] systemd[1]: systemd 249.11-0ubuntu3.12 running in system mode (+PAM +AUDIT +SELINUX +APPARMOR +IMA +SMACK +SECCOMP +GCRYPT +GNUTLS +OPENSSL +ACL +BLKID +CURL +ELFUTILS +FIDO2 +IDN2 -IDN +IPTC +KMOD +LIBCRYPTSETUP +LIBFDISK +PCRE2 -PWQUALITY -P11KIT -QRENCODE +BZIP2 +LZ4 +XZ +ZLIB +ZSTD -XKBCOMMON +UTMP +SYSVINIT default-hierarchy=unified)
[   11.719037] systemd[1]: Detected architecture arm64.
[   11.737712] systemd[1]: Hostname set to <kria>.
[   14.257184] systemd[1]: Queued start job for default target Graphical Interface.
[   14.271827] systemd[1]: Created slice Slice /system/modprobe.
[   14.284647] systemd[1]: Created slice Slice /system/serial-getty.
[   14.297624] systemd[1]: Created slice Slice /system/systemd-fsck.
[   14.309782] systemd[1]: Created slice User and Session Slice.
[   14.321095] systemd[1]: Started Dispatch Password Requests to Console Directory Watch.
[   14.334520] systemd[1]: Started Forward Password Requests to Wall Directory Watch.
[   14.348154] systemd[1]: Set up automount Arbitrary Executable File Formats File System Automount Point.
[   14.363157] systemd[1]: Reached target Local Encrypted Volumes.
[   14.374785] systemd[1]: Reached target Slice Units.
[   14.385136] systemd[1]: Reached target Mounting snaps.
[   14.395732] systemd[1]: Reached target Swaps.
[   14.405586] systemd[1]: Reached target Local Verity Protected Volumes.
[   14.417970] systemd[1]: Listening on Device-mapper event daemon FIFOs.
[   14.430458] systemd[1]: Listening on LVM2 poll daemon socket.
[   14.442183] systemd[1]: Listening on multipathd control socket.
[   14.467240] systemd[1]: Listening on RPCbind Server Activation Socket.
[   14.480290] systemd[1]: Listening on Syslog Socket.
[   14.491228] systemd[1]: Listening on fsck to fsckd communication Socket.
[   14.503723] systemd[1]: Listening on initctl Compatibility Named Pipe.
[   14.516642] systemd[1]: Listening on Journal Audit Socket.
[   14.528043] systemd[1]: Listening on Journal Socket (/dev/log).
[   14.540030] systemd[1]: Listening on Journal Socket.
[   14.551347] systemd[1]: Listening on Network Service Netlink Socket.
[   14.564017] systemd[1]: Listening on udev Control Socket.
[   14.575452] systemd[1]: Listening on udev Kernel Socket.
[   14.589394] systemd[1]: Mounting Huge Pages File System...
[   14.603830] systemd[1]: Mounting POSIX Message Queue File System...
[   14.619443] systemd[1]: Mounting Kernel Debug File System...
[   14.634434] systemd[1]: Mounting Kernel Trace File System...
[   14.651953] systemd[1]: Starting Journal Service...
[   14.662936] systemd[1]: Condition check resulted in Kernel Module supporting RPCSEC_GSS being skipped.
[   14.679190] systemd[1]: Starting Set the console keyboard layout...
[   14.695424] systemd[1]: Starting Create List of Static Device Nodes...
[   14.711500] systemd[1]: Starting Monitoring of LVM2 mirrors, snapshots etc. using dmeventd or progress polling...
[   14.727840] systemd[1]: Condition check resulted in LXD - agent being skipped.
[   14.741965] systemd[1]: Starting Load Kernel Module configfs...
[   14.758049] systemd[1]: Starting Load Kernel Module drm...
[   14.773986] systemd[1]: Starting Load Kernel Module efi_pstore...
[   14.795797] systemd[1]: Starting Load Kernel Module fuse...
[   14.807808] systemd[1]: Condition check resulted in OpenVSwitch configuration for cleanup being skipped.
[   14.820904] systemd[1]: Condition check resulted in File System Check on Root Device being skipped.
[   14.846272] systemd[1]: Starting Load Kernel Modules...
[   14.866232] systemd[1]: Starting Remount Root and Kernel File Systems...
[   14.885151] systemd[1]: Starting Coldplug All udev Devices...
[   14.891402] dmaproxy: module is from the staging directory, the quality is unknown, you have been warned.
[   14.909000] EXT4-fs (sda2): re-mounted. Opts: discard,errors=remount-ro. Quota mode: none.
[   14.916642] systemd[1]: Started Journal Service.
[   15.054659] systemd-journald[585]: Received client request to flush runtime journal.
[   15.071379] alua: device handler registered
[   15.094285] emc: device handler registered
[   15.124199] rdac: device handler registered
[   15.148967] systemd-journald[585]: File /var/log/journal/fd1f4dfa19124906a2885f0c88480459/system.journal corrupted or uncleanly shut down, renaming and replacing.
[   17.115662] tpm tpm0: A TPM error (256) occurred attempting the self test
[  156.786345] OF: overlay: WARNING: memory leak will occur if overlay removed, property: /fpga-full/firmware-name
[  156.798568] OF: overlay: WARNING: memory leak will occur if overlay removed, property: /fpga-full/resets

Ubuntu 22.04.4 LTS kria ttyPS1

kria login: [  178.178427] zocl-drm axi:zyxclmm_drm: IRQ index 0 not found

kria login: ubuntu
Password: 
Welcome to Ubuntu 22.04.4 LTS (GNU/Linux 5.15.0-1027-xilinx-zynqmp aarch64)

 * Documentation:  https://help.ubuntu.com
 * Management:     https://landscape.canonical.com
 * Support:        https://ubuntu.com/pro

 System information as of Mon May 13 10:13:16 UTC 2024

  System load:           0.12
  Usage of /:            16.9% of 56.92GB
  Memory usage:          12%
  Swap usage:            0%
  Processes:             200
  Users logged in:       0
  IPv4 address for eth1: 192.168.1.68
  IPv6 address for eth1: 2400:1a00:b020:d23c:40de:64df:388a:2601

 * Strictly confined Kubernetes makes edge and IoT secure. Learn how MicroK8s
   just raised the bar for easy, resilient and secure K8s cluster deployment.

   https://ubuntu.com/engage/secure-kubernetes-at-the-edge

Expanded Security Maintenance for Applications is not enabled.

0 updates can be applied immediately.

35 additional security updates can be applied with ESM Apps.
Learn more about enabling ESM Apps service at https://ubuntu.com/esm


Last login: Mon May 13 11:20:41 UTC 2024 on ttyPS1

ubuntu@kria:~$ 
ubuntu@kria:~$ ls
Desktop                               Kria-PYNQ        Public            Videos
Documents                             kria-roboticsai  snap
Downloads                             Music            Templates
install_update_kr260_to_vitisai35.sh  Pictures         vai3.5_kr260.zip
ubuntu@kria:~$ 

